Hello world this is hamza